{
    "user_id": "12345",
    "request": {
        "foo": "bar",
        "bar": "baz"
    },
    "created_at": "2021-01-01T12:00:00.000000Z",
    "event_code": "091111",
    "action_code": "E",
    "allowed_admin_view": false,
    "failed": false,
    "failed_reason": null,
    "email": "john@example.org",
    "source": null
}
